// Jest Snapshot v1, https://goo.gl/fbAQLP

exports[`NameOrAddressDisplay renders correctly 1`] = `
<div>
  <div
    class="mm-box mm-box--display-flex mm-box--flex-direction-row mm-box--align-items-center"
  >
    <div
      class="mm-box mm-text mm-avatar-base mm-avatar-base--size-xs mm-avatar-account mm-text--body-xs mm-text--text-transform-uppercase mm-box--display-flex mm-box--justify-content-center mm-box--align-items-center mm-box--color-text-default mm-box--background-color-background-alternative mm-box--rounded-full mm-box--border-color-transparent box--border-style-solid box--border-width-1"
    >
      <div
        class="mm-avatar-account__jazzicon"
      >
        <div
          style="border-radius: 50px; overflow: hidden; padding: 0px; margin: 0px; width: 16px; height: 16px; display: inline-block; background: rgb(1, 121, 142);"
        >
          <svg
            height="16"
            width="16"
            x="0"
            y="0"
          >
            <rect
              fill="#F5E000"
              height="16"
              transform="translate(-1.1691021707883256 -4.615852707363339) rotate(318.6 8 8)"
              width="16"
              x="0"
              y="0"
            />
            <rect
              fill="#1881F2"
              height="16"
              transform="translate(0.31329425325262034 -5.330574883433899) rotate(399.1 8 8)"
              width="16"
              x="0"
              y="0"
            />
            <rect
              fill="#234FE1"
              height="16"
              transform="translate(2.705792259754136 -12.770998732484898) rotate(402.4 8 8)"
              width="16"
              x="0"
              y="0"
            />
          </svg>
        </div>
      </div>
    </div>
    <p
      class="mm-box mm-text mm-text--body-md mm-box--margin-left-2 mm-box--color-inherit"
      data-testid="confirm-info-row-display-name"
    >
      0x388C8...19297
    </p>
  </div>
</div>
`;
