// Jest Snapshot v1, https://goo.gl/fbAQLP

exports[`TokenTransferInfo renders correctly 1`] = `
<div>
  <div
    class="mm-box mm-box--padding-top-4 mm-box--display-flex mm-box--flex-direction-column mm-box--justify-content-center mm-box--align-items-center"
  >
    <div
      class="mm-box mm-text mm-avatar-base mm-avatar-base--size-xl mm-avatar-token mm-text--body-lg-medium mm-text--text-transform-uppercase mm-box--display-flex mm-box--justify-content-center mm-box--align-items-center mm-box--color-text-muted mm-box--background-color-overlay-default mm-box--rounded-full"
    >
      ?
    </div>
    <h2
      class="mm-box mm-text mm-text--heading-lg mm-box--margin-top-3 mm-box--color-inherit"
    >
       Unknown
    </h2>
  </div>
</div>
`;
