// Jest Snapshot v1, https://goo.gl/fbAQLP

exports[`SearchableItemList renders the component with initial props 1`] = `
<div
  class="mm-box mm-text-field mm-text-field--size-md mm-text-field--focused mm-text-field--truncate searchable-item-list__search mm-box--padding-right-0 mm-box--padding-left-4 mm-box--display-inline-flex mm-box--align-items-center mm-box--width-full mm-box--background-color-background-default mm-box--rounded-sm mm-box--border-width-1 box--border-style-solid"
>
  <div
    class="MuiInputAdornment-root MuiInputAdornment-positionStart"
    style="margin-right: 12px;"
  >
    <svg
      fill="var(--color-icon-muted)"
      height="20"
      viewBox="0 0 512 512"
      width="20"
      xmlns="http://www.w3.org/2000/svg"
    >
      <path
        d="m235 427c-51 0-100-21-136-57-36-36-56-84-56-135 0-26 5-51 14-74 10-23 24-44 42-62 18-18 39-32 62-42 23-9 48-14 74-14 25 0 50 5 73 14 23 10 45 24 62 42 18 18 32 39 42 62 10 23 15 48 15 74 0 43-15 86-42 119l78 79c2 2 4 4 5 7 1 2 1 5 1 8 0 3 0 6-1 8-1 3-3 5-5 7-2 2-4 4-7 5-2 1-5 1-8 1-3 0-6 0-8-1-3-1-5-3-7-5l-79-78c-33 27-76 42-119 42z m0-43c82 0 149-67 149-149 0-83-67-150-149-150-83 0-150 67-150 150 0 82 67 149 150 149z"
      />
    </svg>
  </div>
  <input
    autocomplete="on"
    class="mm-box mm-text mm-input mm-input--disable-state-styles mm-text-field__input mm-text--body-md mm-box--margin-0 mm-box--padding-0 mm-box--padding-right-4 mm-box--padding-left-2 mm-box--color-text-default mm-box--background-color-transparent mm-box--border-style-none"
    data-testid="search-list-items"
    focused="true"
    type="text"
    value=""
  />
</div>
`;

exports[`SearchableItemList renders the component with initial props 2`] = `
<div
  class="searchable-item-list__item searchable-item-list__item--selected"
  data-testid="searchable-item-list__item"
  tabindex="0"
>
  <div
    class=""
  >
    <img
      alt="primaryLabel"
      class="url-icon"
      src="iconUrl"
    />
  </div>
  <div
    class="searchable-item-list__labels"
  >
    <div
      class="searchable-item-list__item-labels"
    >
      <span
        class="searchable-item-list__primary-label"
        data-testid="searchable-item-list-primary-label"
      >
        primaryLabel
      </span>
      <span
        class="searchable-item-list__secondary-label"
      >
        secondaryLabel
      </span>
    </div>
    <div
      class="searchable-item-list__right-labels"
    >
      <span
        class="searchable-item-list__right-primary-label"
      >
        rightPrimaryLabel
      </span>
      <span
        class="searchable-item-list__right-secondary-label"
      >
        rightSecondaryLabel
      </span>
    </div>
  </div>
</div>
`;
